// Jest Snapshot v1, https://goo.gl/fbAQLP

exports[`<ClientDetails /> should display ClientDetails component 1`] = `ShallowWrapper {}`;
