// Jest Snapshot v1, https://goo.gl/fbAQLP

exports[`<Home /> should display home component 1`] = `ShallowWrapper {}`;
