// Jest Snapshot v1, https://goo.gl/fbAQLP

exports[`<ClientList /> should display ClientList component 1`] = `ShallowWrapper {}`;
