// Jest Snapshot v1, https://goo.gl/fbAQLP

exports[`Login should display Header component 1`] = `ShallowWrapper {}`;
