// Jest Snapshot v1, https://goo.gl/fbAQLP

exports[`<App /> should display app component 1`] = `ShallowWrapper {}`;
